{
    "BonA": {
        "dtype": "float32",
        "attrs": {
            "data_type": "b'float'",
            "domain_type": "b'real'"
        },
        "shape": [
            1,
            1,
            1
        ],
        "checksums": {
            "6": "fedcca07b1ccdacce623cb6d8afdeed0314e8508d763e228871f18d4e0ebb7c4",
            "8": "fedcca07b1ccdacce623cb6d8afdeed0314e8508d763e228871f18d4e0ebb7c4",
            "10": "fedcca07b1ccdacce623cb6d8afdeed0314e8508d763e228871f18d4e0ebb7c4",
            "12": "fedcca07b1ccdacce623cb6d8afdeed0314e8508d763e228871f18d4e0ebb7c4",
            "14": "fedcca07b1ccdacce623cb6d8afdeed0314e8508d763e228871f18d4e0ebb7c4",
            "16": "fedcca07b1ccdacce623cb6d8afdeed0314e8508d763e228871f18d4e0ebb7c4"
        }
    },
    "Nt": {
        "dtype": "uint64",
        "attrs": {
            "data_type": "b'long'",
            "domain_type": "b'real'"
        },
        "shape": [
            1,
            1,
            1
        ],
        "checksums": {
            "6": "986997ac1a217813e9d7d2e9863604b0276cb22a07465e2e9da7cdd6901c85e7",
            "8": "986997ac1a217813e9d7d2e9863604b0276cb22a07465e2e9da7cdd6901c85e7",
            "10": "986997ac1a217813e9d7d2e9863604b0276cb22a07465e2e9da7cdd6901c85e7",
            "12": "986997ac1a217813e9d7d2e9863604b0276cb22a07465e2e9da7cdd6901c85e7",
            "14": "986997ac1a217813e9d7d2e9863604b0276cb22a07465e2e9da7cdd6901c85e7",
            "16": "986997ac1a217813e9d7d2e9863604b0276cb22a07465e2e9da7cdd6901c85e7"
        }
    },
    "Nx": {
        "dtype": "uint64",
        "attrs": {
            "data_type": "b'long'",
            "domain_type": "b'real'"
        },
        "shape": [
            1,
            1,
            1
        ],
        "checksums": {
            "6": "2e22fd435060cd5d3cf5e3ef39f79e198b35bd2c4af31974db36601b3a2f4c91",
            "8": "2e22fd435060cd5d3cf5e3ef39f79e198b35bd2c4af31974db36601b3a2f4c91",
            "10": "2e22fd435060cd5d3cf5e3ef39f79e198b35bd2c4af31974db36601b3a2f4c91",
            "12": "2e22fd435060cd5d3cf5e3ef39f79e198b35bd2c4af31974db36601b3a2f4c91",
            "14": "2e22fd435060cd5d3cf5e3ef39f79e198b35bd2c4af31974db36601b3a2f4c91",
            "16": "2e22fd435060cd5d3cf5e3ef39f79e198b35bd2c4af31974db36601b3a2f4c91"
        }
    },
    "Ny": {
        "dtype": "uint64",
        "attrs": {
            "data_type": "b'long'",
            "domain_type": "b'real'"
        },
        "shape": [
            1,
            1,
            1
        ],
        "checksums": {
            "6": "b1b0bee5378188f5250138bcce25855f2617f9c55b20b9628e13d367c47404a9",
            "8": "b1b0bee5378188f5250138bcce25855f2617f9c55b20b9628e13d367c47404a9",
            "10": "b1b0bee5378188f5250138bcce25855f2617f9c55b20b9628e13d367c47404a9",
            "12": "b1b0bee5378188f5250138bcce25855f2617f9c55b20b9628e13d367c47404a9",
            "14": "b1b0bee5378188f5250138bcce25855f2617f9c55b20b9628e13d367c47404a9",
            "16": "b1b0bee5378188f5250138bcce25855f2617f9c55b20b9628e13d367c47404a9"
        }
    },
    "Nz": {
        "dtype": "uint64",
        "attrs": {
            "data_type": "b'long'",
            "domain_type": "b'real'"
        },
        "shape": [
            1,
            1,
            1
        ],
        "checksums": {
            "6": "b1b0bee5378188f5250138bcce25855f2617f9c55b20b9628e13d367c47404a9",
            "8": "b1b0bee5378188f5250138bcce25855f2617f9c55b20b9628e13d367c47404a9",
            "10": "b1b0bee5378188f5250138bcce25855f2617f9c55b20b9628e13d367c47404a9",
            "12": "b1b0bee5378188f5250138bcce25855f2617f9c55b20b9628e13d367c47404a9",
            "14": "b1b0bee5378188f5250138bcce25855f2617f9c55b20b9628e13d367c47404a9",
            "16": "b1b0bee5378188f5250138bcce25855f2617f9c55b20b9628e13d367c47404a9"
        }
    },
    "absorbing_flag": {
        "dtype": "uint64",
        "attrs": {
            "data_type": "b'long'",
            "domain_type": "b'real'"
        },
        "shape": [
            1,
            1,
            1
        ],
        "checksums": {
            "6": "7c9fa136d4413fa6173637e883b6998d32e1d675f88cddff9dcbcf331820f4b8",
            "8": "7c9fa136d4413fa6173637e883b6998d32e1d675f88cddff9dcbcf331820f4b8",
            "10": "7c9fa136d4413fa6173637e883b6998d32e1d675f88cddff9dcbcf331820f4b8",
            "12": "7c9fa136d4413fa6173637e883b6998d32e1d675f88cddff9dcbcf331820f4b8",
            "14": "7c9fa136d4413fa6173637e883b6998d32e1d675f88cddff9dcbcf331820f4b8",
            "16": "7c9fa136d4413fa6173637e883b6998d32e1d675f88cddff9dcbcf331820f4b8"
        }
    },
    "alpha_coeff": {
        "dtype": "float32",
        "attrs": {
            "data_type": "b'float'",
            "domain_type": "b'real'"
        },
        "shape": [
            1,
            1,
            1
        ],
        "checksums": {
            "6": "9a8208635e00348ab64aac2b759e76391fd47089e9a749bbcec770d9eb5c6421",
            "8": "9a8208635e00348ab64aac2b759e76391fd47089e9a749bbcec770d9eb5c6421",
            "10": "9a8208635e00348ab64aac2b759e76391fd47089e9a749bbcec770d9eb5c6421",
            "12": "9a8208635e00348ab64aac2b759e76391fd47089e9a749bbcec770d9eb5c6421",
            "14": "9a8208635e00348ab64aac2b759e76391fd47089e9a749bbcec770d9eb5c6421",
            "16": "9a8208635e00348ab64aac2b759e76391fd47089e9a749bbcec770d9eb5c6421"
        }
    },
    "alpha_power": {
        "dtype": "float32",
        "attrs": {
            "data_type": "b'float'",
            "domain_type": "b'real'"
        },
        "shape": [
            1,
            1,
            1
        ],
        "checksums": {
            "6": "c0e336a5f371ef22cd534e094269f2c1a9635cd080b71ffa671086832d3b60b7",
            "8": "c0e336a5f371ef22cd534e094269f2c1a9635cd080b71ffa671086832d3b60b7",
            "10": "c0e336a5f371ef22cd534e094269f2c1a9635cd080b71ffa671086832d3b60b7",
            "12": "c0e336a5f371ef22cd534e094269f2c1a9635cd080b71ffa671086832d3b60b7",
            "14": "c0e336a5f371ef22cd534e094269f2c1a9635cd080b71ffa671086832d3b60b7",
            "16": "c0e336a5f371ef22cd534e094269f2c1a9635cd080b71ffa671086832d3b60b7"
        }
    },
    "axisymmetric_flag": {
        "dtype": "uint64",
        "attrs": {
            "data_type": "b'long'",
            "domain_type": "b'real'"
        },
        "shape": [
            1,
            1,
            1
        ],
        "checksums": {
            "6": "af5570f5a1810b7af78caf4bc70a660f0df51e42baf91d4de5b2328de0e83dfc",
            "8": "af5570f5a1810b7af78caf4bc70a660f0df51e42baf91d4de5b2328de0e83dfc",
            "10": "af5570f5a1810b7af78caf4bc70a660f0df51e42baf91d4de5b2328de0e83dfc",
            "12": "af5570f5a1810b7af78caf4bc70a660f0df51e42baf91d4de5b2328de0e83dfc",
            "14": "af5570f5a1810b7af78caf4bc70a660f0df51e42baf91d4de5b2328de0e83dfc",
            "16": "af5570f5a1810b7af78caf4bc70a660f0df51e42baf91d4de5b2328de0e83dfc"
        }
    },
    "c0": {
        "dtype": "float32",
        "attrs": {
            "data_type": "b'float'",
            "domain_type": "b'real'"
        },
        "shape": [
            128,
            128,
            256
        ],
        "checksums": {
            "6": "ea9a9cdc7a5470f14d2e812c6198b69993ba70663286b9a0b7412ad82a4d7121",
            "8": "ea9a9cdc7a5470f14d2e812c6198b69993ba70663286b9a0b7412ad82a4d7121",
            "10": "ea9a9cdc7a5470f14d2e812c6198b69993ba70663286b9a0b7412ad82a4d7121",
            "12": "ea9a9cdc7a5470f14d2e812c6198b69993ba70663286b9a0b7412ad82a4d7121",
            "14": "ea9a9cdc7a5470f14d2e812c6198b69993ba70663286b9a0b7412ad82a4d7121",
            "16": "ea9a9cdc7a5470f14d2e812c6198b69993ba70663286b9a0b7412ad82a4d7121"
        }
    },
    "c_ref": {
        "dtype": "float32",
        "attrs": {
            "data_type": "b'float'",
            "domain_type": "b'real'"
        },
        "shape": [
            1,
            1,
            1
        ],
        "checksums": {
            "6": "b95d1c05f69091422a05cc991d13eb1859c3bc9bfb0c2795d769bf87980699d6",
            "8": "b95d1c05f69091422a05cc991d13eb1859c3bc9bfb0c2795d769bf87980699d6",
            "10": "b95d1c05f69091422a05cc991d13eb1859c3bc9bfb0c2795d769bf87980699d6",
            "12": "b95d1c05f69091422a05cc991d13eb1859c3bc9bfb0c2795d769bf87980699d6",
            "14": "b95d1c05f69091422a05cc991d13eb1859c3bc9bfb0c2795d769bf87980699d6",
            "16": "b95d1c05f69091422a05cc991d13eb1859c3bc9bfb0c2795d769bf87980699d6"
        }
    },
    "delay_mask": {
        "dtype": "uint64",
        "attrs": {
            "data_type": "b'long'",
            "domain_type": "b'real'"
        },
        "shape": [
            1,
            1,
            1536
        ],
        "checksums": {
            "6": "1d83daac898d090d3eb5c63f8e772cf4c6bbec8b8ab630d4602bec5e47e7ec43",
            "8": "1d83daac898d090d3eb5c63f8e772cf4c6bbec8b8ab630d4602bec5e47e7ec43",
            "10": "1d83daac898d090d3eb5c63f8e772cf4c6bbec8b8ab630d4602bec5e47e7ec43",
            "12": "1d83daac898d090d3eb5c63f8e772cf4c6bbec8b8ab630d4602bec5e47e7ec43",
            "14": "1d83daac898d090d3eb5c63f8e772cf4c6bbec8b8ab630d4602bec5e47e7ec43",
            "16": "1d83daac898d090d3eb5c63f8e772cf4c6bbec8b8ab630d4602bec5e47e7ec43"
        }
    },
    "dt": {
        "dtype": "float32",
        "attrs": {
            "data_type": "b'float'",
            "domain_type": "b'real'"
        },
        "shape": [
            1,
            1,
            1
        ],
        "checksums": {
            "6": "df3f619804a92fdb4057192dc43dd748ea778adc52bc498ce80524c014b81119",
            "8": "79834e35d404bd508ccba67a2f1e2856a1bd7eb7605f3dfec56e51a07000f760",
            "10": "15cdbf52913bc33e2b067a032811a0de9daee3037f0cfe2e6120dfb9ee2ae652",
            "12": "c23385e0caf12fd55c1e2d1e2462c8c1a8f5c0ec190b490d51278ee1784da7c5",
            "14": "e0eac13fcc9bbcc692ff75fc74b575d7890c29410b0d10695f1f5592081a30fa",
            "16": "b0258eb47cd4065ef755b74a5df1eb9ea726dd4b878b0a5fb6f8fe5c8a2fc2ff"
        }
    },
    "dx": {
        "dtype": "float32",
        "attrs": {
            "data_type": "b'float'",
            "domain_type": "b'real'"
        },
        "shape": [
            1,
            1,
            1
        ],
        "checksums": {
            "6": "f9c43e88fe3fe03e30ce85651a6bbb94ca67e402d4cc06f29cc682520fb8f324",
            "8": "5c7bb6cd72906f773280637d951294b95c4706e5c2d4bc8b5eb8203e95be1ff2",
            "10": "841e98aa440406cb2c8cb5fbb918e8c9e769e2ff1f861a5366234f49009368e9",
            "12": "48cafc21e7e32eae4029e74c0019c5baaf619c5765a2f487d8a1892663b65983",
            "14": "9eff1178fd73cbc96d112d01f2b0cc69f51652da674c5e9505054ce267f9271f",
            "16": "48cafc21e7e32eae4029e74c0019c5baaf619c5765a2f487d8a1892663b65983"
        }
    },
    "dy": {
        "dtype": "float32",
        "attrs": {
            "data_type": "b'float'",
            "domain_type": "b'real'"
        },
        "shape": [
            1,
            1,
            1
        ],
        "checksums": {
            "6": "f9c43e88fe3fe03e30ce85651a6bbb94ca67e402d4cc06f29cc682520fb8f324",
            "8": "5c7bb6cd72906f773280637d951294b95c4706e5c2d4bc8b5eb8203e95be1ff2",
            "10": "841e98aa440406cb2c8cb5fbb918e8c9e769e2ff1f861a5366234f49009368e9",
            "12": "48cafc21e7e32eae4029e74c0019c5baaf619c5765a2f487d8a1892663b65983",
            "14": "9eff1178fd73cbc96d112d01f2b0cc69f51652da674c5e9505054ce267f9271f",
            "16": "48cafc21e7e32eae4029e74c0019c5baaf619c5765a2f487d8a1892663b65983"
        }
    },
    "dz": {
        "dtype": "float32",
        "attrs": {
            "data_type": "b'float'",
            "domain_type": "b'real'"
        },
        "shape": [
            1,
            1,
            1
        ],
        "checksums": {
            "6": "f9c43e88fe3fe03e30ce85651a6bbb94ca67e402d4cc06f29cc682520fb8f324",
            "8": "5c7bb6cd72906f773280637d951294b95c4706e5c2d4bc8b5eb8203e95be1ff2",
            "10": "841e98aa440406cb2c8cb5fbb918e8c9e769e2ff1f861a5366234f49009368e9",
            "12": "48cafc21e7e32eae4029e74c0019c5baaf619c5765a2f487d8a1892663b65983",
            "14": "9eff1178fd73cbc96d112d01f2b0cc69f51652da674c5e9505054ce267f9271f",
            "16": "48cafc21e7e32eae4029e74c0019c5baaf619c5765a2f487d8a1892663b65983"
        }
    },
    "elastic_flag": {
        "dtype": "uint64",
        "attrs": {
            "data_type": "b'long'",
            "domain_type": "b'real'"
        },
        "shape": [
            1,
            1,
            1
        ],
        "checksums": {
            "6": "af5570f5a1810b7af78caf4bc70a660f0df51e42baf91d4de5b2328de0e83dfc",
            "8": "af5570f5a1810b7af78caf4bc70a660f0df51e42baf91d4de5b2328de0e83dfc",
            "10": "af5570f5a1810b7af78caf4bc70a660f0df51e42baf91d4de5b2328de0e83dfc",
            "12": "af5570f5a1810b7af78caf4bc70a660f0df51e42baf91d4de5b2328de0e83dfc",
            "14": "af5570f5a1810b7af78caf4bc70a660f0df51e42baf91d4de5b2328de0e83dfc",
            "16": "af5570f5a1810b7af78caf4bc70a660f0df51e42baf91d4de5b2328de0e83dfc"
        }
    },
    "nonlinear_flag": {
        "dtype": "uint64",
        "attrs": {
            "data_type": "b'long'",
            "domain_type": "b'real'"
        },
        "shape": [
            1,
            1,
            1
        ],
        "checksums": {
            "6": "7c9fa136d4413fa6173637e883b6998d32e1d675f88cddff9dcbcf331820f4b8",
            "8": "7c9fa136d4413fa6173637e883b6998d32e1d675f88cddff9dcbcf331820f4b8",
            "10": "7c9fa136d4413fa6173637e883b6998d32e1d675f88cddff9dcbcf331820f4b8",
            "12": "7c9fa136d4413fa6173637e883b6998d32e1d675f88cddff9dcbcf331820f4b8",
            "14": "7c9fa136d4413fa6173637e883b6998d32e1d675f88cddff9dcbcf331820f4b8",
            "16": "7c9fa136d4413fa6173637e883b6998d32e1d675f88cddff9dcbcf331820f4b8"
        }
    },
    "nonuniform_grid_flag": {
        "dtype": "uint64",
        "attrs": {
            "data_type": "b'long'",
            "domain_type": "b'real'"
        },
        "shape": [
            1,
            1,
            1
        ],
        "checksums": {
            "6": "af5570f5a1810b7af78caf4bc70a660f0df51e42baf91d4de5b2328de0e83dfc",
            "8": "af5570f5a1810b7af78caf4bc70a660f0df51e42baf91d4de5b2328de0e83dfc",
            "10": "af5570f5a1810b7af78caf4bc70a660f0df51e42baf91d4de5b2328de0e83dfc",
            "12": "af5570f5a1810b7af78caf4bc70a660f0df51e42baf91d4de5b2328de0e83dfc",
            "14": "af5570f5a1810b7af78caf4bc70a660f0df51e42baf91d4de5b2328de0e83dfc",
            "16": "af5570f5a1810b7af78caf4bc70a660f0df51e42baf91d4de5b2328de0e83dfc"
        }
    },
    "p0_source_flag": {
        "dtype": "uint64",
        "attrs": {
            "data_type": "b'long'",
            "domain_type": "b'real'"
        },
        "shape": [
            1,
            1,
            1
        ],
        "checksums": {
            "6": "af5570f5a1810b7af78caf4bc70a660f0df51e42baf91d4de5b2328de0e83dfc",
            "8": "af5570f5a1810b7af78caf4bc70a660f0df51e42baf91d4de5b2328de0e83dfc",
            "10": "af5570f5a1810b7af78caf4bc70a660f0df51e42baf91d4de5b2328de0e83dfc",
            "12": "af5570f5a1810b7af78caf4bc70a660f0df51e42baf91d4de5b2328de0e83dfc",
            "14": "af5570f5a1810b7af78caf4bc70a660f0df51e42baf91d4de5b2328de0e83dfc",
            "16": "af5570f5a1810b7af78caf4bc70a660f0df51e42baf91d4de5b2328de0e83dfc"
        }
    },
    "p_source_flag": {
        "dtype": "uint64",
        "attrs": {
            "data_type": "b'long'",
            "domain_type": "b'real'"
        },
        "shape": [
            1,
            1,
            1
        ],
        "checksums": {
            "6": "af5570f5a1810b7af78caf4bc70a660f0df51e42baf91d4de5b2328de0e83dfc",
            "8": "af5570f5a1810b7af78caf4bc70a660f0df51e42baf91d4de5b2328de0e83dfc",
            "10": "af5570f5a1810b7af78caf4bc70a660f0df51e42baf91d4de5b2328de0e83dfc",
            "12": "af5570f5a1810b7af78caf4bc70a660f0df51e42baf91d4de5b2328de0e83dfc",
            "14": "af5570f5a1810b7af78caf4bc70a660f0df51e42baf91d4de5b2328de0e83dfc",
            "16": "af5570f5a1810b7af78caf4bc70a660f0df51e42baf91d4de5b2328de0e83dfc"
        }
    },
    "pml_x_alpha": {
        "dtype": "float32",
        "attrs": {
            "data_type": "b'float'",
            "domain_type": "b'real'"
        },
        "shape": [
            1,
            1,
            1
        ],
        "checksums": {
            "6": "d88c86f15bbea365d658ad95a81d45367c465f7af6f7264fb077f01747ddc77d",
            "8": "d88c86f15bbea365d658ad95a81d45367c465f7af6f7264fb077f01747ddc77d",
            "10": "d88c86f15bbea365d658ad95a81d45367c465f7af6f7264fb077f01747ddc77d",
            "12": "d88c86f15bbea365d658ad95a81d45367c465f7af6f7264fb077f01747ddc77d",
            "14": "d88c86f15bbea365d658ad95a81d45367c465f7af6f7264fb077f01747ddc77d",
            "16": "d88c86f15bbea365d658ad95a81d45367c465f7af6f7264fb077f01747ddc77d"
        }
    },
    "pml_x_size": {
        "dtype": "uint64",
        "attrs": {
            "data_type": "b'long'",
            "domain_type": "b'real'"
        },
        "shape": [
            1,
            1,
            1
        ],
        "checksums": {
            "6": "0c27700c82d333aa295692f1814040a962d7bc530253af661d97635dd5ed7af9",
            "8": "0c27700c82d333aa295692f1814040a962d7bc530253af661d97635dd5ed7af9",
            "10": "0c27700c82d333aa295692f1814040a962d7bc530253af661d97635dd5ed7af9",
            "12": "0c27700c82d333aa295692f1814040a962d7bc530253af661d97635dd5ed7af9",
            "14": "0c27700c82d333aa295692f1814040a962d7bc530253af661d97635dd5ed7af9",
            "16": "0c27700c82d333aa295692f1814040a962d7bc530253af661d97635dd5ed7af9"
        }
    },
    "pml_y_alpha": {
        "dtype": "float32",
        "attrs": {
            "data_type": "b'float'",
            "domain_type": "b'real'"
        },
        "shape": [
            1,
            1,
            1
        ],
        "checksums": {
            "6": "d88c86f15bbea365d658ad95a81d45367c465f7af6f7264fb077f01747ddc77d",
            "8": "d88c86f15bbea365d658ad95a81d45367c465f7af6f7264fb077f01747ddc77d",
            "10": "d88c86f15bbea365d658ad95a81d45367c465f7af6f7264fb077f01747ddc77d",
            "12": "d88c86f15bbea365d658ad95a81d45367c465f7af6f7264fb077f01747ddc77d",
            "14": "d88c86f15bbea365d658ad95a81d45367c465f7af6f7264fb077f01747ddc77d",
            "16": "d88c86f15bbea365d658ad95a81d45367c465f7af6f7264fb077f01747ddc77d"
        }
    },
    "pml_y_size": {
        "dtype": "uint64",
        "attrs": {
            "data_type": "b'long'",
            "domain_type": "b'real'"
        },
        "shape": [
            1,
            1,
            1
        ],
        "checksums": {
            "6": "a111f275cc2e7588000001d300a31e76336d15b9d314cd1a1d8f3d3556975eed",
            "8": "a111f275cc2e7588000001d300a31e76336d15b9d314cd1a1d8f3d3556975eed",
            "10": "a111f275cc2e7588000001d300a31e76336d15b9d314cd1a1d8f3d3556975eed",
            "12": "a111f275cc2e7588000001d300a31e76336d15b9d314cd1a1d8f3d3556975eed",
            "14": "a111f275cc2e7588000001d300a31e76336d15b9d314cd1a1d8f3d3556975eed",
            "16": "a111f275cc2e7588000001d300a31e76336d15b9d314cd1a1d8f3d3556975eed"
        }
    },
    "pml_z_alpha": {
        "dtype": "float32",
        "attrs": {
            "data_type": "b'float'",
            "domain_type": "b'real'"
        },
        "shape": [
            1,
            1,
            1
        ],
        "checksums": {
            "6": "d88c86f15bbea365d658ad95a81d45367c465f7af6f7264fb077f01747ddc77d",
            "8": "d88c86f15bbea365d658ad95a81d45367c465f7af6f7264fb077f01747ddc77d",
            "10": "d88c86f15bbea365d658ad95a81d45367c465f7af6f7264fb077f01747ddc77d",
            "12": "d88c86f15bbea365d658ad95a81d45367c465f7af6f7264fb077f01747ddc77d",
            "14": "d88c86f15bbea365d658ad95a81d45367c465f7af6f7264fb077f01747ddc77d",
            "16": "d88c86f15bbea365d658ad95a81d45367c465f7af6f7264fb077f01747ddc77d"
        }
    },
    "pml_z_size": {
        "dtype": "uint64",
        "attrs": {
            "data_type": "b'long'",
            "domain_type": "b'real'"
        },
        "shape": [
            1,
            1,
            1
        ],
        "checksums": {
            "6": "a111f275cc2e7588000001d300a31e76336d15b9d314cd1a1d8f3d3556975eed",
            "8": "a111f275cc2e7588000001d300a31e76336d15b9d314cd1a1d8f3d3556975eed",
            "10": "a111f275cc2e7588000001d300a31e76336d15b9d314cd1a1d8f3d3556975eed",
            "12": "a111f275cc2e7588000001d300a31e76336d15b9d314cd1a1d8f3d3556975eed",
            "14": "a111f275cc2e7588000001d300a31e76336d15b9d314cd1a1d8f3d3556975eed",
            "16": "a111f275cc2e7588000001d300a31e76336d15b9d314cd1a1d8f3d3556975eed"
        }
    },
    "rho0": {
        "dtype": "float32",
        "attrs": {
            "data_type": "b'float'",
            "domain_type": "b'real'"
        },
        "shape": [
            128,
            128,
            256
        ],
        "checksums": {
            "6": "72d90fcc97f3a585b18742c715670410c0a12ad3ee30a9020bbfbff65b737b67",
            "8": "c6225847942017fdf3af2234e82eab3e363ac4c3849c12949429aa71586c20df",
            "10": "72d90fcc97f3a585b18742c715670410c0a12ad3ee30a9020bbfbff65b737b67",
            "12": "72d90fcc97f3a585b18742c715670410c0a12ad3ee30a9020bbfbff65b737b67",
            "14": "f96a43b62df6854d9a4ffc540e4c2bb6be05c426ff8a12fddeb8ffa962384a4d",
            "16": "72d90fcc97f3a585b18742c715670410c0a12ad3ee30a9020bbfbff65b737b67"
        }
    },
    "rho0_sgx": {
        "dtype": "float32",
        "attrs": {
            "data_type": "b'float'",
            "domain_type": "b'real'"
        },
        "shape": [
            128,
            128,
            256
        ],
        "checksums": {
            "6": "6417006f0af8fef098c0f12fb685f6f88a1f15fa32861a8e99aa6a580bfdcc53",
            "8": "8be2b2b9a32219d24bc08577837812080b2dbdc6ef3dbdccef86349786b1c2aa",
            "10": "6417006f0af8fef098c0f12fb685f6f88a1f15fa32861a8e99aa6a580bfdcc53",
            "12": "6417006f0af8fef098c0f12fb685f6f88a1f15fa32861a8e99aa6a580bfdcc53",
            "14": "aa3071961ee9680c44381ba598108c2467b707f6d6c6340a38a75b40784b1155",
            "16": "6417006f0af8fef098c0f12fb685f6f88a1f15fa32861a8e99aa6a580bfdcc53"
        }
    },
    "rho0_sgy": {
        "dtype": "float32",
        "attrs": {
            "data_type": "b'float'",
            "domain_type": "b'real'"
        },
        "shape": [
            128,
            128,
            256
        ],
        "checksums": {
            "6": "f208aec7dbf2c0d3cbdcc57e46a2725a576e7bfc7fb4cd1ade9a76dd031bdbb4",
            "8": "8508b1c966e1a02ba0040e454da7245e7475e30b6e5f0a545eb4f957d29e83f2",
            "10": "f208aec7dbf2c0d3cbdcc57e46a2725a576e7bfc7fb4cd1ade9a76dd031bdbb4",
            "12": "f208aec7dbf2c0d3cbdcc57e46a2725a576e7bfc7fb4cd1ade9a76dd031bdbb4",
            "14": "66ff6c9a59f4648eb1191f288e0d2c23741ba2eddefba449a0c47864cce1fafd",
            "16": "f208aec7dbf2c0d3cbdcc57e46a2725a576e7bfc7fb4cd1ade9a76dd031bdbb4"
        }
    },
    "rho0_sgz": {
        "dtype": "float32",
        "attrs": {
            "data_type": "b'float'",
            "domain_type": "b'real'"
        },
        "shape": [
            128,
            128,
            256
        ],
        "checksums": {
            "6": "d7fe95a5dc764ea3a8ece017f5de27c1ded54a064f2c755cc6dcdf519d393bfa",
            "8": "5ebd8f97ef01091bf4d8832a9f536e6fa4f9175c04225b3de88f255724003279",
            "10": "d7fe95a5dc764ea3a8ece017f5de27c1ded54a064f2c755cc6dcdf519d393bfa",
            "12": "d7fe95a5dc764ea3a8ece017f5de27c1ded54a064f2c755cc6dcdf519d393bfa",
            "14": "c9d2c6c27c88e09623e65642bef2699f5d0aac3e586fb791f87007bed7bea88d",
            "16": "d7fe95a5dc764ea3a8ece017f5de27c1ded54a064f2c755cc6dcdf519d393bfa"
        }
    },
    "sensor_mask_index": {
        "dtype": "uint64",
        "attrs": {
            "data_type": "b'long'",
            "domain_type": "b'real'"
        },
        "shape": [
            1,
            1,
            1536
        ],
        "checksums": {
            "6": "b3d41b5d37fde8f1dfc3269552690cc403b65399ea2d721a9f858dbc22083bc9",
            "8": "b3d41b5d37fde8f1dfc3269552690cc403b65399ea2d721a9f858dbc22083bc9",
            "10": "b3d41b5d37fde8f1dfc3269552690cc403b65399ea2d721a9f858dbc22083bc9",
            "12": "b3d41b5d37fde8f1dfc3269552690cc403b65399ea2d721a9f858dbc22083bc9",
            "14": "b3d41b5d37fde8f1dfc3269552690cc403b65399ea2d721a9f858dbc22083bc9",
            "16": "b3d41b5d37fde8f1dfc3269552690cc403b65399ea2d721a9f858dbc22083bc9"
        }
    },
    "sensor_mask_type": {
        "dtype": "uint64",
        "attrs": {
            "data_type": "b'long'",
            "domain_type": "b'real'"
        },
        "shape": [
            1,
            1,
            1
        ],
        "checksums": {
            "6": "af5570f5a1810b7af78caf4bc70a660f0df51e42baf91d4de5b2328de0e83dfc",
            "8": "af5570f5a1810b7af78caf4bc70a660f0df51e42baf91d4de5b2328de0e83dfc",
            "10": "af5570f5a1810b7af78caf4bc70a660f0df51e42baf91d4de5b2328de0e83dfc",
            "12": "af5570f5a1810b7af78caf4bc70a660f0df51e42baf91d4de5b2328de0e83dfc",
            "14": "af5570f5a1810b7af78caf4bc70a660f0df51e42baf91d4de5b2328de0e83dfc",
            "16": "af5570f5a1810b7af78caf4bc70a660f0df51e42baf91d4de5b2328de0e83dfc"
        }
    },
    "sxx_source_flag": {
        "dtype": "uint64",
        "attrs": {
            "data_type": "b'long'",
            "domain_type": "b'real'"
        },
        "shape": [
            1,
            1,
            1
        ],
        "checksums": {
            "6": "af5570f5a1810b7af78caf4bc70a660f0df51e42baf91d4de5b2328de0e83dfc",
            "8": "af5570f5a1810b7af78caf4bc70a660f0df51e42baf91d4de5b2328de0e83dfc",
            "10": "af5570f5a1810b7af78caf4bc70a660f0df51e42baf91d4de5b2328de0e83dfc",
            "12": "af5570f5a1810b7af78caf4bc70a660f0df51e42baf91d4de5b2328de0e83dfc",
            "14": "af5570f5a1810b7af78caf4bc70a660f0df51e42baf91d4de5b2328de0e83dfc",
            "16": "af5570f5a1810b7af78caf4bc70a660f0df51e42baf91d4de5b2328de0e83dfc"
        }
    },
    "sxy_source_flag": {
        "dtype": "uint64",
        "attrs": {
            "data_type": "b'long'",
            "domain_type": "b'real'"
        },
        "shape": [
            1,
            1,
            1
        ],
        "checksums": {
            "6": "af5570f5a1810b7af78caf4bc70a660f0df51e42baf91d4de5b2328de0e83dfc",
            "8": "af5570f5a1810b7af78caf4bc70a660f0df51e42baf91d4de5b2328de0e83dfc",
            "10": "af5570f5a1810b7af78caf4bc70a660f0df51e42baf91d4de5b2328de0e83dfc",
            "12": "af5570f5a1810b7af78caf4bc70a660f0df51e42baf91d4de5b2328de0e83dfc",
            "14": "af5570f5a1810b7af78caf4bc70a660f0df51e42baf91d4de5b2328de0e83dfc",
            "16": "af5570f5a1810b7af78caf4bc70a660f0df51e42baf91d4de5b2328de0e83dfc"
        }
    },
    "sxz_source_flag": {
        "dtype": "uint64",
        "attrs": {
            "data_type": "b'long'",
            "domain_type": "b'real'"
        },
        "shape": [
            1,
            1,
            1
        ],
        "checksums": {
            "6": "af5570f5a1810b7af78caf4bc70a660f0df51e42baf91d4de5b2328de0e83dfc",
            "8": "af5570f5a1810b7af78caf4bc70a660f0df51e42baf91d4de5b2328de0e83dfc",
            "10": "af5570f5a1810b7af78caf4bc70a660f0df51e42baf91d4de5b2328de0e83dfc",
            "12": "af5570f5a1810b7af78caf4bc70a660f0df51e42baf91d4de5b2328de0e83dfc",
            "14": "af5570f5a1810b7af78caf4bc70a660f0df51e42baf91d4de5b2328de0e83dfc",
            "16": "af5570f5a1810b7af78caf4bc70a660f0df51e42baf91d4de5b2328de0e83dfc"
        }
    },
    "syy_source_flag": {
        "dtype": "uint64",
        "attrs": {
            "data_type": "b'long'",
            "domain_type": "b'real'"
        },
        "shape": [
            1,
            1,
            1
        ],
        "checksums": {
            "6": "af5570f5a1810b7af78caf4bc70a660f0df51e42baf91d4de5b2328de0e83dfc",
            "8": "af5570f5a1810b7af78caf4bc70a660f0df51e42baf91d4de5b2328de0e83dfc",
            "10": "af5570f5a1810b7af78caf4bc70a660f0df51e42baf91d4de5b2328de0e83dfc",
            "12": "af5570f5a1810b7af78caf4bc70a660f0df51e42baf91d4de5b2328de0e83dfc",
            "14": "af5570f5a1810b7af78caf4bc70a660f0df51e42baf91d4de5b2328de0e83dfc",
            "16": "af5570f5a1810b7af78caf4bc70a660f0df51e42baf91d4de5b2328de0e83dfc"
        }
    },
    "syz_source_flag": {
        "dtype": "uint64",
        "attrs": {
            "data_type": "b'long'",
            "domain_type": "b'real'"
        },
        "shape": [
            1,
            1,
            1
        ],
        "checksums": {
            "6": "af5570f5a1810b7af78caf4bc70a660f0df51e42baf91d4de5b2328de0e83dfc",
            "8": "af5570f5a1810b7af78caf4bc70a660f0df51e42baf91d4de5b2328de0e83dfc",
            "10": "af5570f5a1810b7af78caf4bc70a660f0df51e42baf91d4de5b2328de0e83dfc",
            "12": "af5570f5a1810b7af78caf4bc70a660f0df51e42baf91d4de5b2328de0e83dfc",
            "14": "af5570f5a1810b7af78caf4bc70a660f0df51e42baf91d4de5b2328de0e83dfc",
            "16": "af5570f5a1810b7af78caf4bc70a660f0df51e42baf91d4de5b2328de0e83dfc"
        }
    },
    "szz_source_flag": {
        "dtype": "uint64",
        "attrs": {
            "data_type": "b'long'",
            "domain_type": "b'real'"
        },
        "shape": [
            1,
            1,
            1
        ],
        "checksums": {
            "6": "af5570f5a1810b7af78caf4bc70a660f0df51e42baf91d4de5b2328de0e83dfc",
            "8": "af5570f5a1810b7af78caf4bc70a660f0df51e42baf91d4de5b2328de0e83dfc",
            "10": "af5570f5a1810b7af78caf4bc70a660f0df51e42baf91d4de5b2328de0e83dfc",
            "12": "af5570f5a1810b7af78caf4bc70a660f0df51e42baf91d4de5b2328de0e83dfc",
            "14": "af5570f5a1810b7af78caf4bc70a660f0df51e42baf91d4de5b2328de0e83dfc",
            "16": "af5570f5a1810b7af78caf4bc70a660f0df51e42baf91d4de5b2328de0e83dfc"
        }
    },
    "transducer_source_flag": {
        "dtype": "uint64",
        "attrs": {
            "data_type": "b'long'",
            "domain_type": "b'real'"
        },
        "shape": [
            1,
            1,
            1
        ],
        "checksums": {
            "6": "d51573231ab9f5109aeb3ce993542171c877ecadaa9501e0eebb658e162e553b",
            "8": "d51573231ab9f5109aeb3ce993542171c877ecadaa9501e0eebb658e162e553b",
            "10": "d51573231ab9f5109aeb3ce993542171c877ecadaa9501e0eebb658e162e553b",
            "12": "d51573231ab9f5109aeb3ce993542171c877ecadaa9501e0eebb658e162e553b",
            "14": "d51573231ab9f5109aeb3ce993542171c877ecadaa9501e0eebb658e162e553b",
            "16": "d51573231ab9f5109aeb3ce993542171c877ecadaa9501e0eebb658e162e553b"
        }
    },
    "transducer_source_input": {
        "dtype": "float32",
        "attrs": {
            "data_type": "b'float'",
            "domain_type": "b'real'"
        },
        "shape": [
            1,
            1,
            108
        ],
        "checksums": {
            "6": "6a5574a5d8a76b94b38d4a13365e7ebc75e8cceda3fe791b4a3c24ddb96cbf62",
            "8": "3d07bef75a1fdc6ee83e44ac03b9a4e19c2fecd7ef9c6933707cba41b6cb5f9f",
            "10": "db01d4d5bf749a3e081a881e0500ffdfb2f1747c27496bb0abec7f31b17b78f8",
            "12": "e379b606710e381dd722ea5642ce3128ca563402d556627d914755f8b78b5418",
            "14": "379aaf0d6ac7afb70e9fdb83a17e1ccaf320c0b28daf806b27f117a3fd9a2274",
            "16": "f468d98c23dc6e47f5b8c14a2588c224f66e5dab06aef92011fee76af62d99ad"
        }
    },
    "u_source_index": {
        "dtype": "uint64",
        "attrs": {
            "data_type": "b'long'",
            "domain_type": "b'real'"
        },
        "shape": [
            1,
            1,
            1536
        ],
        "checksums": {
            "6": "b3d41b5d37fde8f1dfc3269552690cc403b65399ea2d721a9f858dbc22083bc9",
            "8": "b3d41b5d37fde8f1dfc3269552690cc403b65399ea2d721a9f858dbc22083bc9",
            "10": "b3d41b5d37fde8f1dfc3269552690cc403b65399ea2d721a9f858dbc22083bc9",
            "12": "b3d41b5d37fde8f1dfc3269552690cc403b65399ea2d721a9f858dbc22083bc9",
            "14": "b3d41b5d37fde8f1dfc3269552690cc403b65399ea2d721a9f858dbc22083bc9",
            "16": "b3d41b5d37fde8f1dfc3269552690cc403b65399ea2d721a9f858dbc22083bc9"
        }
    },
    "ux_source_flag": {
        "dtype": "uint64",
        "attrs": {
            "data_type": "b'long'",
            "domain_type": "b'real'"
        },
        "shape": [
            1,
            1,
            1
        ],
        "checksums": {
            "6": "af5570f5a1810b7af78caf4bc70a660f0df51e42baf91d4de5b2328de0e83dfc",
            "8": "af5570f5a1810b7af78caf4bc70a660f0df51e42baf91d4de5b2328de0e83dfc",
            "10": "af5570f5a1810b7af78caf4bc70a660f0df51e42baf91d4de5b2328de0e83dfc",
            "12": "af5570f5a1810b7af78caf4bc70a660f0df51e42baf91d4de5b2328de0e83dfc",
            "14": "af5570f5a1810b7af78caf4bc70a660f0df51e42baf91d4de5b2328de0e83dfc",
            "16": "af5570f5a1810b7af78caf4bc70a660f0df51e42baf91d4de5b2328de0e83dfc"
        }
    },
    "uy_source_flag": {
        "dtype": "uint64",
        "attrs": {
            "data_type": "b'long'",
            "domain_type": "b'real'"
        },
        "shape": [
            1,
            1,
            1
        ],
        "checksums": {
            "6": "af5570f5a1810b7af78caf4bc70a660f0df51e42baf91d4de5b2328de0e83dfc",
            "8": "af5570f5a1810b7af78caf4bc70a660f0df51e42baf91d4de5b2328de0e83dfc",
            "10": "af5570f5a1810b7af78caf4bc70a660f0df51e42baf91d4de5b2328de0e83dfc",
            "12": "af5570f5a1810b7af78caf4bc70a660f0df51e42baf91d4de5b2328de0e83dfc",
            "14": "af5570f5a1810b7af78caf4bc70a660f0df51e42baf91d4de5b2328de0e83dfc",
            "16": "af5570f5a1810b7af78caf4bc70a660f0df51e42baf91d4de5b2328de0e83dfc"
        }
    },
    "uz_source_flag": {
        "dtype": "uint64",
        "attrs": {
            "data_type": "b'long'",
            "domain_type": "b'real'"
        },
        "shape": [
            1,
            1,
            1
        ],
        "checksums": {
            "6": "af5570f5a1810b7af78caf4bc70a660f0df51e42baf91d4de5b2328de0e83dfc",
            "8": "af5570f5a1810b7af78caf4bc70a660f0df51e42baf91d4de5b2328de0e83dfc",
            "10": "af5570f5a1810b7af78caf4bc70a660f0df51e42baf91d4de5b2328de0e83dfc",
            "12": "af5570f5a1810b7af78caf4bc70a660f0df51e42baf91d4de5b2328de0e83dfc",
            "14": "af5570f5a1810b7af78caf4bc70a660f0df51e42baf91d4de5b2328de0e83dfc",
            "16": "af5570f5a1810b7af78caf4bc70a660f0df51e42baf91d4de5b2328de0e83dfc"
        }
    },
    "root": {
        "attrs": {
            "created_by": "b'k-Wave 1.3'",
            "creation_date": "b'16-Apr-2021-00-19-14'",
            "file_description": "b'Input data created by faridyagubbayli running MATLAB 9.7 (R2019b) on MACI64'",
            "file_type": "b'input'",
            "major_version": "b'1'",
            "minor_version": "b'2'"
        }
    }
}